
> backend@1.0.0 test
> cross-env NODE_ENV=test jest --runInBand --detectOpenHandles --forceExit

node.exe : (node:7112) 
[MONGOOSE] 
DeprecationWarning: 
Mongoose: the 
`strictQuery` option 
will be switched back to 
`false` by default in 
Mongoose 7. Use `mongoose
.set('strictQuery', 
false);` if you want to 
prepare for this change. 
Or use `mongoose.set('str
ictQuery', true);` to 
suppress this warning.
At C:\Program 
Files\nodejs\npm.ps1:29 
char:3
+   & $NODE_EXE 
$NPM_CLI_JS $args
+   ~~~~~~~~~~~~~~~~~~~~~
~~~~~~~~
    + CategoryInfo       
       : NotSpecified:   
  ((node:7112) [MO...s   
  this warning.:Strin    
g) [], RemoteExcepti    
on
    + FullyQualifiedErro 
   rId : NativeCommandE  
  rror
 
(Use `node 
--trace-deprecation ...` 
to show where the 
warning was created)
  console.log
    ≡ƒöÉ Auth: Token received

      at log (src/middlewares/authMiddleware.js:12:21)

  console.log
    ≡ƒöÉ Auth: Token decoded, user ID: 69acbac2f44623dcf7321a95

      at log (src/middlewares/authMiddleware.js:16:21)

  console.log
    ≡ƒöÉ Auth: User found: NOT FOUND

      at log (src/middlewares/authMiddleware.js:20:21)

  console.error
    Γ¥î Auth: No token provided

    [0m [90m 29 |[39m
     [90m 30 |[39m     [36mif[39m ([33m![39mtoken) {
    [31m[1m>[22m[39m[90m 31 |[39m         console[33m.[39merror([32m"Γ¥î Auth: No token provided"[39m)[33m;[39m
     [90m    |[39m                 [31m[1m^[22m[39m
     [90m 32 |[39m         res[33m.[39mstatus([35m401[39m)[33m;[39m
     [90m 33 |[39m         [36mthrow[39m [36mnew[39m [33mError[39m([32m'Not authorized, no token'[39m)[33m;[39m
     [90m 34 |[39m     }[0m

      at error (src/middlewares/authMiddleware.js:31:17)
      at asyncUtilWrap (node_modules/express-async-handler/index.js:3:20)
      at Layer.handle [as handle_request] (node_modules/express/lib/router/layer.js:95:5)
      at next (node_modules/express/lib/router/route.js:149:13)
      at next (node_modules/express/lib/router/route.js:145:7)
      at Route.dispatch (node_modules/express/lib/router/route.js:119:3)
      at Layer.handle [as handle_request] (node_modules/express/lib/router/layer.js:95:5)
      at node_modules/express/lib/router/index.js:284:15
      at Function.process_params (node_modules/express/lib/router/index.js:346:12)
      at next (node_modules/express/lib/router/index.js:280:10)
      at Function.handle (node_modules/express/lib/router/index.js:175:3)
      at router (node_modules/express/lib/router/index.js:47:12)
      at Layer.handle [as handle_request] (node_modules/express/lib/router/layer.js:95:5)
      at trim_prefix (node_modules/express/lib/router/index.js:328:13)
      at node_modules/express/lib/router/index.js:286:9
      at Function.process_params (node_modules/express/lib/router/index.js:346:12)
      at next (node_modules/express/lib/router/index.js:280:10)
      at Function.handle (node_modules/express/lib/router/index.js:175:3)
      at router (node_modules/express/lib/router/index.js:47:12)
      at Layer.handle [as handle_request] (node_modules/express/lib/router/layer.js:95:5)
      at trim_prefix (node_modules/express/lib/router/index.js:328:13)
      at node_modules/express/lib/router/index.js:286:9
      at Function.process_params (node_modules/express/lib/router/index.js:346:12)
      at next (node_modules/express/lib/router/index.js:280:10)
      at node_modules/express-rate-limit/dist/index.cjs:942:7
      at node_modules/express-rate-limit/dist/index.cjs:825:5

  console.log
    ≡ƒÉî [MongoDB] Cache MISS! Fetching events from database...

      at log (src/controllers/eventController.js:26:13)

  console.log
    ≡ƒÆ╛ [Redis] Successfully cached the events list.

      at log (src/controllers/eventController.js:33:21)

FAIL src/__tests__/event.
test.js (5.479 s)
  Event API (Integration 
Tests)
    POST /api/events
      ├ù should create a 
new event when 
authorized as an 
organizer (107 ms)
      ΓêÜ should fail to 
create an event if the 
Authorization token is 
missing (45 ms)
    GET /api/events
      ├ù should fetch 
all events successfully 
(Cache Miss Simulation) 
(48 ms)
      ├ù should fetch a 
single event by ID (39 
ms)
      ΓêÜ should return 
404 for an invalid event 
ID format (40 ms)

  ΓùÅ Event API 
(Integration Tests) ΓÇ║ 
POST /api/events ΓÇ║ 
should create a new 
event when authorized as 
an organizer

    expect(received).toBe
(expected) // Object.is 
equality

    Expected: 201
    Received: 401

    [0m [90m 66 |[39m 
                [33m.[3
9msend(newEventData)[33m
;[39m
     [90m 67 |[39m
    [31m[1m>[22m[39m
[90m 68 |[39m           
  expect(response[33m.[
39mstatus)[33m.[39mtoBe
([35m201[39m)[33m;[39
m
     [90m    |[39m     
                         
       
[31m[1m^[22m[39m
     [90m 69 |[39m     
        expect(response[
33m.[39mbody)[33m.[39m
toHaveProperty([32m'_id'
[39m)[33m;[39m
     [90m 70 |[39m     
        expect(response[
33m.[39mbody[33m.[39mt
itle)[33m.[39mtoBe(newE
ventData[33m.[39mtitle)
[33m;[39m
     [90m 71 |[39m     
        expect(response[
33m.[39mbody[33m.[39ma
vailableTickets)[33m.[3
9mtoBe([35m5000[39m)[3
3m;[39m[0m

      at Object.toBe (src
/__tests__/event.test.js:
68:37)

  ΓùÅ Event API 
(Integration Tests) ΓÇ║ 
GET /api/events ΓÇ║ 
should fetch all events 
successfully (Cache Miss 
Simulation)

    expect(received).toBe
GreaterThan(expected)

    Expected: > 0
    Received:   0

    [0m [90m  95 
|[39m             
[90m// It should be an 
array and contain our 
newly created event[39m
     [90m  96 |[39m    
         expect([33mArra
y[39m[33m.[39misArray(
response[33m.[39mbody))
[33m.[39mtoBeTruthy()[
33m;[39m
    [31m[1m>[22m[39m
[90m  97 |[39m          
   expect(response[33m.
[39mbody[33m.[39mlength
)[33m.[39mtoBeGreaterTh
an([35m0[39m)[33m;[39
m
     [90m     |[39m    
                         
             
[31m[1m^[22m[39m
     [90m  98 |[39m    
         expect(response
[33m.[39mbody[[35m0[39
m][33m.[39mtitle)[33m.
[39mtoBe(newEventData[3
3m.[39mtitle)[33m;[39m
     [90m  99 |[39m    
     })[33m;[39m
     [90m 100 |[39m[0m

      at 
Object.toBeGreaterThan (s
rc/__tests__/event.test.j
s:97:42)

  ΓùÅ Event API 
(Integration Tests) ΓÇ║ 
GET /api/events ΓÇ║ 
should fetch a single 
event by ID

    expect(received).toBe
(expected) // Object.is 
equality

    Expected: "Supertest 
Music Festival"
    Received: undefined

    [0m [90m 104 
|[39m             expect
(response[33m.[39mstatu
s)[33m.[39mtoBe([35m20
0[39m)[33m;[39m
     [90m 105 |[39m    
         expect(response
[33m.[39mbody[33m.[39m
_id)[33m.[39mtoBe(event
Id)[33m;[39m
    [31m[1m>[22m[39m
[90m 106 |[39m          
   expect(response[33m.
[39mbody[33m.[39mtitle)
[33m.[39mtoBe(newEventD
ata[33m.[39mtitle)[33m
;[39m
     [90m     |[39m    
                         
            
[31m[1m^[22m[39m
     [90m 107 |[39m    
     })[33m;[39m
     [90m 108 |[39m
     [90m 109 |[39m    
     it([32m'should 
return 404 for an 
invalid event ID 
format'[39m[33m,[39m 
[36masync[39m () 
[33m=>[39m {[0m

      at Object.toBe (src
/__tests__/event.test.js:
106:41)

  console.log
    ---------------Redis Cache Connected----------------

      at Class.log (src/config/redis.js:32:13)

  console.log
    ≡ƒ¢í∩╕Å Rate Limiter: Promoted to Redis Distributed Store

      at log (src/middlewares/rateLimiter.js:29:21)

  console.error
    ValidationError: express-rate-limit instance should *usually* be created at app initialization, not when responding to a request. See https://express-rate-limit.github.io/ERR_ERL_CREATED_IN_REQUEST_HANDLER/ for more information.
        at Object.creationStack (E:\Intern Assignment\Event Ticketing app\backend\node_modules\express-rate-limit\dist\index.cjs:601:15)
        at Object.wrappedValidations.<computed> [as creationStack] (E:\Intern Assignment\Event Ticketing app\backend\node_modules\express-rate-limit\dist\index.cjs:680:22)
        at rateLimit (E:\Intern Assignment\Event Ticketing app\backend\node_modules\express-rate-limit\dist\index.cjs:833:22)
        at rateLimit (E:\Intern Assignment\Event Ticketing app\backend\src\middlewares\rateLimiter.js:30:28)
        at Layer.handle [as handle_request] (E:\Intern Assignment\Event Ticketing app\backend\node_modules\express\lib\router\layer.js:95:5)
        at trim_prefix (E:\Intern Assignment\Event Ticketing app\backend\node_modules\express\lib\router\index.js:328:13)
        at E:\Intern Assignment\Event Ticketing app\backend\node_modules\express\lib\router\index.js:286:9
        at Function.process_params (E:\Intern Assignment\Event Ticketing app\backend\node_modules\express\lib\router\index.js:346:12)
        at next (E:\Intern Assignment\Event Ticketing app\backend\node_modules\express\lib\router\index.js:280:10)
        at urlencodedParser (E:\Intern Assignment\Event Ticketing app\backend\node_modules\body-parser\lib\types\urlencoded.js:82:7)
        at Layer.handle [as handle_request] (E:\Intern Assignment\Event Ticketing app\backend\node_modules\express\lib\router\layer.js:95:5)
        at trim_prefix (E:\Intern Assignment\Event Ticketing app\backend\node_modules\express\lib\router\index.js:328:13)
        at E:\Intern Assignment\Event Ticketing app\backend\node_modules\express\lib\router\index.js:286:9
        at Function.process_params (E:\Intern Assignment\Event Ticketing app\backend\node_modules\express\lib\router\index.js:346:12)
        at next (E:\Intern Assignment\Event Ticketing app\backend\node_modules\express\lib\router\index.js:280:10)
        at E:\Intern Assignment\Event Ticketing app\backend\node_modules\body-parser\lib\read.js:137:5
        at AsyncResource.runInAsyncScope (node:async_hooks:214:14)
        at invokeCallback (E:\Intern Assignment\Event Ticketing app\backend\node_modules\raw-body\index.js:238:16)
        at done (E:\Intern Assignment\Event Ticketing app\backend\node_modules\raw-body\index.js:227:7)
        at IncomingMessage.onEnd (E:\Intern Assignment\Event Ticketing app\backend\node_modules\raw-body\index.js:287:7)
        at IncomingMessage.emit (node:events:518:28)
        at endReadableNT (node:internal/streams/readable:1698:12)
        at processTicksAndRejections (node:internal/process/task_queues:90:21) {
      code: 'ERR_ERL_CREATED_IN_REQUEST_HANDLER',
      help: 'https://express-rate-limit.github.io/ERR_ERL_CREATED_IN_REQUEST_HANDLER/'
    }

    [0m [90m 28 |[39m         [36mif[39m ([33m![39mredisLimiter) {
     [90m 29 |[39m             console[33m.[39mlog([32m'≡ƒ¢í∩╕Å Rate Limiter: Promoted to Redis Distributed Store'[39m)[33m;[39m
    [31m[1m>[22m[39m[90m 30 |[39m             redisLimiter [33m=[39m rateLimit({
     [90m    |[39m                            [31m[1m^[22m[39m
     [90m 31 |[39m                 store[33m:[39m [36mnew[39m [33mRedisStore[39m({
     [90m 32 |[39m                     sendCommand[33m:[39m [36masync[39m ([33m...[39margs) [33m=>[39m {
     [90m 33 |[39m                         [36mif[39m ([33m![39mredisClient[33m.[39misReady) [36mthrow[39m [36mnew[39m [33mError[39m([32m'Redis not ready'[39m)[33m;[39m[0m

      at Object.wrappedValidations.<computed> [as creationStack] (node_modules/express-rate-limit/dist/index.cjs:686:24)
      at rateLimit (node_modules/express-rate-limit/dist/index.cjs:833:22)
      at rateLimit (src/middlewares/rateLimiter.js:30:28)
      at Layer.handle [as handle_request] (node_modules/express/lib/router/layer.js:95:5)
      at trim_prefix (node_modules/express/lib/router/index.js:328:13)
      at node_modules/express/lib/router/index.js:286:9
      at Function.process_params (node_modules/express/lib/router/index.js:346:12)
      at next (node_modules/express/lib/router/index.js:280:10)
      at urlencodedParser (node_modules/body-parser/lib/types/urlencoded.js:82:7)
      at Layer.handle [as handle_request] (node_modules/express/lib/router/layer.js:95:5)
      at trim_prefix (node_modules/express/lib/router/index.js:328:13)
      at node_modules/express/lib/router/index.js:286:9
      at Function.process_params (node_modules/express/lib/router/index.js:346:12)
      at next (node_modules/express/lib/router/index.js:280:10)
      at node_modules/body-parser/lib/read.js:137:5
      at invokeCallback (node_modules/raw-body/index.js:238:16)
      at done (node_modules/raw-body/index.js:227:7)
      at IncomingMessage.onEnd (node_modules/raw-body/index.js:287:7)

PASS src/__tests__/auth.t
est.js (9.087 s)
  Authentication API 
(Unit/Integration Tests)
    POST 
/api/auth/register
      ΓêÜ should 
successfully register a 
new user and generate a 
JWT token (1011 ms)
      ΓêÜ should fail 
with 400 Bad Request if 
the required fields are 
missing (363 ms)
      ΓêÜ should fail 
with 400 Bad Request if 
the user email already 
exists (929 ms)
    POST /api/auth/login
      ΓêÜ should 
successfully 
authenticate and return 
user info matching the 
registration (1056 ms)
      ΓêÜ should reject 
login for a user that 
does not exist (988 ms)
      ΓêÜ should reject 
login if the password 
does not match the 
hashed password in 
MongoDB (1064 ms)

Test Suites: 1 failed, 1 
passed, 2 total
Tests:       3 failed, 8 
passed, 11 total
Snapshots:   0 total
Time:        14.73 s, 
estimated 36 s
Ran all test suites.

Jest has detected the 
following 2 open handles 
potentially keeping Jest 
from exiting:

  ΓùÅ  TCPWRAP

    [0m [90m 34 |[39m
     [90m 35 |[39m 
[90m// Connect 
immediately, but catch 
so it doesn't crash the 
server module on 
boot[39m
    [31m[1m>[22m[39m
[90m 36 |[39m redisClien
t[33m.[39mconnect()[33
m.[39m[36mcatch[39m(()
 [33m=>[39m { 
})[33m;[39m
     [90m    |[39m     
        
[31m[1m^[22m[39m
     [90m 37 |[39m
     [90m 38 |[39m 
module[33m.[39mexports 
[33m=[39m 
redisClient[33m;[39m
     [90m 39 |[39m[0m

      at Object.create (n
ode_modules/@redis/client
/lib/client/socket.ts:147
:22)
      at RedisSocket.#cre
ateSocket (node_modules/@
redis/client/lib/client/s
ocket.ts:270:40)
      at 
RedisSocket.#connect (nod
e_modules/@redis/client/l
ib/client/socket.ts:218:4
8)
      at 
RedisSocket.connect (node
_modules/@redis/client/li
b/client/socket.ts:211:25
)
      at Class.connect (n
ode_modules/@redis/client
/lib/client/index.ts:962:
30)
      at Object.connect (
src/config/redis.js:36:13
)
      at Object.require (
src/controllers/eventCont
roller.js:5:21)
      at Object.require (
src/routes/eventRoutes.js
:11:5)
      at Object.require (
src/routes/index.js:5:21)
      at Object.require 
(src/app.js:23:16)
      at Object.require (
src/__tests__/auth.test.j
s:2:13)


  ΓùÅ  TCPWRAP

    [0m [90m 4 |[39m
     [90m 5 |[39m 
[90m// Create a 
dedicated Redis 
connection for BullMQ 
using ioredis[39m
    [31m[1m>[22m[39m
[90m 6 |[39m 
[36mconst[39m 
connection [33m=[39m 
[36mnew[39m [33mIORedi
s[39m(process[33m.[39m
env[33m.[39m[33mREDIS_
URI[39m [33m||[39m [3
2m'redis://127.0.0.1:6379
'[39m[33m,[39m {
     [90m   |[39m      
              
[31m[1m^[22m[39m
     [90m 7 |[39m     m
axRetriesPerRequest[33m:
[39m 
[36mnull[39m[33m,[39m
     [90m 8 |[39m     e
nableReadyCheck[33m:[39
m [36mfalse[39m[33m,[
39m
     [90m 9 |[39m     
family[33m:[39m 
[35m4[39m[33m,[39m 
[90m// Force IPv4 to 
fix getaddrinfo 
ENOTFOUND errors in 
Node.js[39m[0m

      at node_modules/ior
edis/built/connectors/Sta
ndaloneConnector.js:44:21
      at StandaloneConnec
tor.connect (node_modules
/ioredis/built/connectors
/StandaloneConnector.js:4
3:16)
      at node_modules/ior
edis/built/Redis.js:122:6
4
      at 
EventEmitter.connect (nod
e_modules/ioredis/built/R
edis.js:104:25)
      at new Redis (node_
modules/ioredis/built/Red
is.js:77:18)
      at 
Object.<anonymous> (src/c
onfig/queue.js:6:20)
      at Object.require (
src/controllers/ticketCon
troller.js:4:25)
      at Object.require (
src/routes/ticketRoutes.j
s:3:80)
      at Object.require (
src/routes/index.js:6:22)
      at Object.require 
(src/app.js:23:16)
      at Object.require (
src/__tests__/auth.test.j
s:2:13)

